V3 3
FL D:/Projects/ProjektMateuszSiebiatynski/main.vhd 2020/12/24.13:51:59 P.20131013
EN work/main 1608814379 FL D:/Projects/ProjektMateuszSiebiatynski/main.vhd \
      PB ieee/std_logic_1164 1381692176 PB ieee/NUMERIC_STD 1381692181 \
      PB ieee/STD_LOGIC_UNSIGNED 1381692179
AR work/main/arch 1608814380 \
      FL D:/Projects/ProjektMateuszSiebiatynski/main.vhd EN work/main 1608814379
